{
  "scheme": "tms",
  "attribution": "John Doe 2013.",
  "center": [
    0,
    0,
    3
  ],
  "format": "pbf",
  "maxzoom": 6,
  "minzoom": 0,
  "name": "Test source",
  "vector_layers": [
    {
      "id": "solid",
      "description": "",
      "fields": {
        "Id": "Number"
      }
    },
    {
      "id": "box",
      "description": "",
      "fields": {
        "ScaleRank": "String",
        "FeatureCla": "String",
        "Name1": "String",
        "Name2": "String",
        "Date": "String"
      }
    }
  ],
  "bounds": [
    -180,
    -85.05112877980659,
    180,
    85.0511287798066
  ]
}